// Vitest Snapshot v1

exports[`Loading > should render correctly 1`] = `
<div
  class="d-flex flex-column justify-content-center align-items-center mt-5"
  data-testid="loading"
>
  <i
    class="bi bi-lightning-charge text-secondary spin"
    style="font-size: 1.5rem;"
  />
</div>
`;
