// Jest Snapshot v1, https://goo.gl/fbAQLP

exports[`SearchForm renders correctly 1`] = `
<form
  class="d-flex"
  data-testid="search-form"
>
  <input
    aria-label="Movie or show title"
    class="rounded-0 border-0 form-control"
    placeholder="Movie or show title"
    type="search"
  />
  <button
    class="rounded-0 no-outline btn btn-success"
    type="submit"
  >
    Search
  </button>
</form>
`;
